[32mActivated conda/uv virtual environment at [36m/venv/main[0m
[20:02:53] disk free 25 GB -- 1/4 frames
[20:02:53] disk free 25 GB -- 2/4 masks (yolo11x-seg)
361 images, weights=yolo11x-seg.pt, conf=0.25
  16/361
  32/361
  48/361
  64/361
  80/361
  96/361
  112/361
  128/361
  144/361
  160/361
  176/361
  192/361
  208/361
  224/361
  240/361
  256/361
  272/361
  288/361
  304/361
  320/361
  336/361
  352/361
  361/361
{
  "n_images": 361,
  "mean_dynamic_frac": 0.29225266428131735,
  "max_dynamic_frac": 0.38157118055555556,
  "frames_over_50pct_dynamic": 0,
  "mean_instances": 18.900277008310248
}
[20:03:05] disk free 25 GB -- 3/4 COLMAP bin -> txt
cameras 1 images 361 points 14835 first/last 00000.jpg 00360.jpg
00000.jpg
00001.jpg
00000.jpg.png
00001.jpg.png
[20:03:06] disk free 25 GB -- 4/4 train splat (30k iters)
colmap: 361 images, 14835 points, 640x360 f=445.1 k1=-0.0533
361 views -> 315 train / 46 held out
14835 seeds, init scale 0.1094, scene extent 11.18 (COLMAP units, NOT metres)
training 30000 iters ...
  [0/30000] loss=0.4252 N=14835 0s
  [500/30000] loss=0.1171 N=14835 2s
  [1000/30000] loss=0.0811 N=18930 3s
  [1500/30000] loss=0.0907 N=24157 4s
  [2000/30000] loss=0.0731 N=30829 6s
  [2500/30000] loss=0.0616 N=39344 7s
  train-view check -> out/trainview_02500.jpg
  [3000/30000] loss=0.0529 N=50212 9s
  [3500/30000] loss=0.0472 N=64082 11s
  [4000/30000] loss=0.0405 N=81785 13s
  [4500/30000] loss=0.0590 N=104378 15s
  [5000/30000] loss=0.0493 N=133212 17s
  train-view check -> out/trainview_05000.jpg
  [5500/30000] loss=0.0529 N=170013 19s
  [6000/30000] loss=0.0520 N=216981 22s
  [6500/30000] loss=0.0354 N=276928 24s
  [7000/30000] loss=0.0485 N=353435 28s
  [7500/30000] loss=0.0400 N=451081 31s
  train-view check -> out/trainview_07500.jpg
  [8000/30000] loss=0.0394 N=500000 35s
  [8500/30000] loss=0.0295 N=500000 39s
  [9000/30000] loss=0.0450 N=500000 43s
  [9500/30000] loss=0.0347 N=500000 46s
  [10000/30000] loss=0.0352 N=500000 50s
  train-view check -> out/trainview_10000.jpg
  [10500/30000] loss=0.0382 N=500000 54s
  [11000/30000] loss=0.0306 N=500000 58s
  [11500/30000] loss=0.0361 N=500000 62s
  [12000/30000] loss=0.0373 N=500000 66s
  [12500/30000] loss=0.0344 N=500000 70s
  train-view check -> out/trainview_12500.jpg
  [13000/30000] loss=0.0344 N=500000 74s
  [13500/30000] loss=0.0316 N=500000 78s
  [14000/30000] loss=0.0429 N=500000 82s
  [14500/30000] loss=0.0321 N=500000 85s
  [15000/30000] loss=0.0279 N=500000 89s
  train-view check -> out/trainview_15000.jpg
  [15500/30000] loss=0.0344 N=500000 93s
  [16000/30000] loss=0.0325 N=500000 97s
  [16500/30000] loss=0.0273 N=500000 101s
  [17000/30000] loss=0.0286 N=500000 105s
  [17500/30000] loss=0.0299 N=500000 109s
  train-view check -> out/trainview_17500.jpg
  [18000/30000] loss=0.0289 N=500000 113s
  [18500/30000] loss=0.0321 N=500000 117s
  [19000/30000] loss=0.0269 N=500000 121s
  [19500/30000] loss=0.0267 N=500000 125s
  [20000/30000] loss=0.0289 N=500000 129s
  train-view check -> out/trainview_20000.jpg
  [20500/30000] loss=0.0259 N=500000 133s
  [21000/30000] loss=0.0274 N=500000 137s
  [21500/30000] loss=0.0278 N=500000 141s
  [22000/30000] loss=0.0353 N=500000 145s
  [22500/30000] loss=0.0281 N=500000 149s
  train-view check -> out/trainview_22500.jpg
  [23000/30000] loss=0.0268 N=500000 152s
  [23500/30000] loss=0.0303 N=500000 156s
  [24000/30000] loss=0.0317 N=500000 160s
  [24500/30000] loss=0.0316 N=500000 163s
  [25000/30000] loss=0.0307 N=500000 167s
  train-view check -> out/trainview_25000.jpg
  [25500/30000] loss=0.0260 N=500000 170s
  [26000/30000] loss=0.0224 N=500000 173s
  [26500/30000] loss=0.0254 N=500000 177s
  [27000/30000] loss=0.0252 N=500000 180s
  [27500/30000] loss=0.0354 N=500000 183s
  train-view check -> out/trainview_27500.jpg
  [28000/30000] loss=0.0317 N=500000 187s
  [28500/30000] loss=0.0252 N=500000 190s
  [29000/30000] loss=0.0269 N=500000 193s
  [29500/30000] loss=0.0257 N=500000 196s
  train-view check -> out/trainview_30000.jpg
evaluating held-out views ...
HELD-OUT: {"psnr": 29.936269055242125, "ssim": 0.9536660326563794, "n_test": 46, "n_gaussians": 500000, "iters": 30000, "train_seconds": 199.6}
saved out/varanasi_bg_v3.pt
[20:06:29] JOB DONE
